{
  "BeginCommandBuffer": [162],
  "RenderPass": [[[164,199]]],
  "Draw": [[197]],
  "QueueSubmit": [202]
}
