{
  "BeginCommandBuffer": [111],
  "RenderPass": [[[112,117]]],
  "Draw": [[116]],
  "QueueSubmit": [119]
}
